exports[`should log a build error message when the wpWatchProcess emitted a wpDone message with an errorLog 1`] = `"["","---------------------------------------------------------------------------------------","webpack server build error","---------------------------------------------------------------------------------------","","Module build failed","","---------------------------------------------------------------------------------------"]"`;

exports[`should log a build started message when the wpWatchProcess emitted a wpCompilation message 1`] = `"[\"webpack server build started...\"]"`;

exports[`should log a build success message when the wpWatchProcess emitted a wpDone message with hasErrors false 1`] = `"[\"webpack server build finished after 1.5s\"]"`;
